// Jest Snapshot v1, https://goo.gl/fbAQLP

exports[`JFrog Arrifactory should collect data 1`] = `
Object {
  "collectedEntities": Array [
    Object {
      "_class": Array [
        "Account",
      ],
      "_key": "artifactory_account:ravelo.leiko@gmail.com",
      "_rawData": Array [
        Object {
          "name": "default",
          "rawData": Object {
            "admin": true,
            "disableUIAccess": false,
            "email": "ravelo.leiko@gmail.com",
            "groups": Array [
              "readers",
            ],
            "internalPasswordDisabled": false,
            "lastLoggedInMillis": 0,
            "mfaStatus": "NONE",
            "name": "ravelo.leiko@gmail.com",
            "offlineMode": false,
            "policyManager": false,
            "policyViewer": false,
            "profileUpdatable": true,
            "realm": "oauth",
            "reportsManager": false,
            "shouldInvite": false,
            "status": "ENABLED",
            "watchManager": false,
          },
        },
      ],
      "_type": "artifactory_account",
      "active": true,
      "createdOn": undefined,
      "disableUIAccess": false,
      "displayName": "ravelo.leiko@gmail.com",
      "email": "ravelo.leiko@gmail.com",
      "internalPasswordDisable": false,
      "mfaStatus": false,
      "name": "ravelo.leiko@gmail.com",
      "policyManager": false,
      "profileUpdatable": true,
      "realm": "oauth",
      "reportsManager": false,
      "status": "ENABLED",
      "username": "ravelo.leiko@gmail.com",
      "watchManager": false,
      "webLink": undefined,
    },
    Object {
      "_class": Array [
        "UserGroup",
      ],
      "_key": "artifactory_group:readers",
      "_rawData": Array [
        Object {
          "name": "default",
          "rawData": Object {
            "adminPrivileges": false,
            "autoJoin": true,
            "description": "A group for read-only users",
            "name": "readers",
            "policyManager": false,
            "policyViewer": false,
            "realm": "internal",
            "reportsManager": false,
            "watchManager": false,
          },
        },
      ],
      "_type": "artifactory_group",
      "adminPrivileges": false,
      "autoJoin": true,
      "createdOn": undefined,
      "description": "A group for read-only users",
      "displayName": "readers",
      "name": "readers",
      "policyManager": false,
      "realm": "internal",
      "realmAttributes": undefined,
      "reportsManager": false,
      "watchManager": false,
      "webLink": undefined,
    },
    Object {
      "_class": Array [
        "User",
      ],
      "_key": "artifactory_user:ravelo.leiko@gmail.com",
      "_rawData": Array [
        Object {
          "name": "default",
          "rawData": Object {
            "admin": true,
            "disableUIAccess": false,
            "email": "ravelo.leiko@gmail.com",
            "groups": Array [
              "readers",
            ],
            "internalPasswordDisabled": false,
            "lastLoggedInMillis": 0,
            "mfaStatus": "NONE",
            "name": "ravelo.leiko@gmail.com",
            "offlineMode": false,
            "policyManager": false,
            "policyViewer": false,
            "profileUpdatable": true,
            "realm": "oauth",
            "reportsManager": false,
            "shouldInvite": false,
            "status": "ENABLED",
            "watchManager": false,
          },
        },
      ],
      "_type": "artifactory_user",
      "active": true,
      "createdOn": undefined,
      "disableUIAccess": false,
      "displayName": "ravelo.leiko@gmail.com",
      "email": "ravelo.leiko@gmail.com",
      "internalPasswordDisable": false,
      "mfaStatus": false,
      "name": "ravelo.leiko@gmail.com",
      "policyManager": false,
      "profileUpdatable": true,
      "realm": "oauth",
      "reportsManager": false,
      "status": "ENABLED",
      "username": "ravelo.leiko@gmail.com",
      "watchManager": false,
      "webLink": undefined,
    },
    Object {
      "_class": Array [
        "User",
      ],
      "_key": "artifactory_user:anonymous",
      "_rawData": Array [
        Object {
          "name": "default",
          "rawData": Object {
            "admin": false,
            "disableUIAccess": false,
            "internalPasswordDisabled": false,
            "lastLoggedInMillis": 0,
            "mfaStatus": "NONE",
            "name": "anonymous",
            "offlineMode": false,
            "policyManager": false,
            "policyViewer": false,
            "profileUpdatable": false,
            "realm": "internal",
            "reportsManager": false,
            "shouldInvite": false,
            "status": "ENABLED",
            "watchManager": false,
          },
        },
      ],
      "_type": "artifactory_user",
      "active": true,
      "createdOn": undefined,
      "disableUIAccess": false,
      "displayName": "anonymous",
      "email": undefined,
      "internalPasswordDisable": false,
      "mfaStatus": false,
      "name": "anonymous",
      "policyManager": false,
      "profileUpdatable": false,
      "realm": "internal",
      "reportsManager": false,
      "status": "ENABLED",
      "username": "anonymous",
      "watchManager": false,
      "webLink": undefined,
    },
    Object {
      "_class": Array [
        "Repository",
      ],
      "_key": "artifactory_repository:example-repo-local",
      "_rawData": Array [
        Object {
          "name": "default",
          "rawData": Object {
            "description": "Example artifactory repository",
            "key": "example-repo-local",
            "packageType": "Generic",
            "type": "LOCAL",
            "url": "https://j1devcreativice.jfrog.io/artifactory/example-repo-local",
          },
        },
      ],
      "_type": "artifactory_repository",
      "createdOn": undefined,
      "description": "Example artifactory repository",
      "displayName": "example-repo-local",
      "name": "example-repo-local",
      "packageType": "Generic",
      "type": "LOCAL",
      "webLink": "https://j1devcreativice.jfrog.io/artifactory/example-repo-local",
    },
    Object {
      "_class": Array [
        "CodeRepo",
      ],
      "_key": "artifactory_pipeline_source:1",
      "_rawData": Array [
        Object {
          "name": "default",
          "rawData": Object {
            "accessResourceNamePrefix": "",
            "branch": null,
            "branchExcludePattern": null,
            "branchIncludePattern": null,
            "configFolder": null,
            "createdAt": "2022-09-30T12:33:52.704Z",
            "createdBy": 1,
            "environments": null,
            "fileFilter": null,
            "id": 1,
            "isInternal": null,
            "isMultiBranch": false,
            "isSyncing": false,
            "lastSyncEndedAt": "2022-09-30T12:33:56.068Z",
            "lastSyncLogs": "Successfully synced pipeline source

SUMMARY:

Created 1 resources
Created 1 pipelines
Created 5 steps

DETAILS:

Processing pipeline source (without SCM) with template: jfrog/HelloWorld@1.0.0
Non-SCM pipelines.yml: successfully created resource: intro_bag
Non-SCM pipelines.yml: successfully created pipeline: intro_hello_world
Non-SCM pipelines.yml: successfully created step: first
Non-SCM pipelines.yml: successfully created step: add_run_variable
Non-SCM pipelines.yml: successfully created step: write_to_resource
Non-SCM pipelines.yml: successfully created step: variable_selection
Non-SCM pipelines.yml: successfully created step: read_from_resource
Successfully created connections (6/6)",
            "lastSyncStartedAt": "2022-09-30T12:33:55.379Z",
            "lastSyncStatusCode": 4002,
            "name": "hello_world",
            "pipelinesYmlPropertyBag": null,
            "projectId": 1,
            "projectIntegrationId": null,
            "repositoryFullName": null,
            "resourceId": null,
            "templateId": 6,
            "updatedAt": "2022-09-30T12:33:56.094Z",
            "updatedBy": 1,
            "valuesYmlPropertyBag": Object {
              "namePrefix": "intro",
            },
          },
        },
      ],
      "_type": "artifactory_pipeline_source",
      "createdBy": "1",
      "createdOn": 1664541232704,
      "displayName": "artifactory_pipeline_source:1",
      "id": "1",
      "name": "artifactory_pipeline_source:1",
      "updatedBy": "1",
    },
    Object {
      "_class": Array [
        "AccessPolicy",
      ],
      "_key": "artifactory_permission:Any Remote",
      "_rawData": Array [
        Object {
          "name": "default",
          "rawData": Object {
            "name": "Any Remote",
            "repo": Object {
              "actions": Object {
                "users": Object {
                  "anonymous": Array [
                    "read",
                    "write",
                  ],
                },
              },
              "exclude-patterns": Array [],
              "include-patterns": Array [
                "**",
              ],
              "repositories": Array [
                "ANY REMOTE",
              ],
            },
          },
        },
      ],
      "_type": "artifactory_permission",
      "createdOn": undefined,
      "displayName": "Any Remote",
      "name": "Any Remote",
    },
    Object {
      "_class": Array [
        "AccessPolicy",
      ],
      "_key": "artifactory_permission:Anything",
      "_rawData": Array [
        Object {
          "name": "default",
          "rawData": Object {
            "build": Object {
              "actions": Object {
                "groups": Object {
                  "readers": Array [
                    "read",
                  ],
                },
                "users": Object {
                  "anonymous": Array [
                    "read",
                  ],
                },
              },
              "exclude-patterns": Array [],
              "include-patterns": Array [
                "**",
              ],
              "repositories": Array [
                "artifactory-build-info",
              ],
            },
            "name": "Anything",
            "repo": Object {
              "actions": Object {
                "groups": Object {
                  "readers": Array [
                    "read",
                  ],
                },
                "users": Object {
                  "anonymous": Array [
                    "read",
                  ],
                },
              },
              "exclude-patterns": Array [],
              "include-patterns": Array [
                "**",
              ],
              "repositories": Array [
                "ANY",
              ],
            },
          },
        },
      ],
      "_type": "artifactory_permission",
      "createdOn": undefined,
      "displayName": "Anything",
      "name": "Anything",
    },
    Object {
      "_class": Array [
        "Group",
      ],
      "_key": "artifactory_repository_group:ANY",
      "_rawData": Array [
        Object {
          "name": "default",
          "rawData": Object {
            "name": "ANY",
            "type": "ANY",
          },
        },
      ],
      "_type": "artifactory_repository_group",
      "createdOn": undefined,
      "displayName": "ANY",
      "name": "ANY",
      "type": "ANY",
    },
    Object {
      "_class": Array [
        "Group",
      ],
      "_key": "artifactory_repository_group:ANY LOCAL",
      "_rawData": Array [
        Object {
          "name": "default",
          "rawData": Object {
            "name": "ANY LOCAL",
            "type": "LOCAL",
          },
        },
      ],
      "_type": "artifactory_repository_group",
      "createdOn": undefined,
      "displayName": "ANY LOCAL",
      "name": "ANY LOCAL",
      "type": "LOCAL",
    },
    Object {
      "_class": Array [
        "Group",
      ],
      "_key": "artifactory_repository_group:ANY REMOTE",
      "_rawData": Array [
        Object {
          "name": "default",
          "rawData": Object {
            "name": "ANY REMOTE",
            "type": "REMOTE",
          },
        },
      ],
      "_type": "artifactory_repository_group",
      "createdOn": undefined,
      "displayName": "ANY REMOTE",
      "name": "ANY REMOTE",
      "type": "REMOTE",
    },
  ],
  "collectedRelationships": Array [
    Object {
      "_class": "HAS",
      "_fromEntityKey": "artifactory_account:ravelo.leiko@gmail.com",
      "_key": "artifactory_account:ravelo.leiko@gmail.com|has|artifactory_group:readers",
      "_toEntityKey": "artifactory_group:readers",
      "_type": "artifactory_account_has_group",
      "displayName": "HAS",
    },
    Object {
      "_class": "HAS",
      "_fromEntityKey": "artifactory_group:readers",
      "_key": "artifactory_group:readers|has|artifactory_user:ravelo.leiko@gmail.com",
      "_toEntityKey": "artifactory_user:ravelo.leiko@gmail.com",
      "_type": "artifactory_group_has_user",
      "displayName": "HAS",
    },
    Object {
      "_class": "HAS",
      "_fromEntityKey": "artifactory_account:ravelo.leiko@gmail.com",
      "_key": "artifactory_account:ravelo.leiko@gmail.com|has|artifactory_user:ravelo.leiko@gmail.com",
      "_toEntityKey": "artifactory_user:ravelo.leiko@gmail.com",
      "_type": "artifactory_account_has_user",
      "displayName": "HAS",
    },
    Object {
      "_class": "HAS",
      "_fromEntityKey": "artifactory_account:ravelo.leiko@gmail.com",
      "_key": "artifactory_account:ravelo.leiko@gmail.com|has|artifactory_user:anonymous",
      "_toEntityKey": "artifactory_user:anonymous",
      "_type": "artifactory_account_has_user",
      "displayName": "HAS",
    },
    Object {
      "_class": "HAS",
      "_fromEntityKey": "artifactory_account:ravelo.leiko@gmail.com",
      "_key": "artifactory_account:ravelo.leiko@gmail.com|has|artifactory_repository:example-repo-local",
      "_toEntityKey": "artifactory_repository:example-repo-local",
      "_type": "artifactory_account_has_repository",
      "displayName": "HAS",
    },
    Object {
      "_class": "HAS",
      "_fromEntityKey": "artifactory_account:ravelo.leiko@gmail.com",
      "_key": "artifactory_account:ravelo.leiko@gmail.com|has|artifactory_pipeline_source:1",
      "_toEntityKey": "artifactory_pipeline_source:1",
      "_type": "artifactory_account_has_pipeline_source",
      "displayName": "HAS",
    },
    Object {
      "_class": "ASSIGNED",
      "_fromEntityKey": "artifactory_permission:Any Remote",
      "_key": "artifactory_permission:Any Remote|assigned|artifactory_user:anonymous",
      "_toEntityKey": "artifactory_user:anonymous",
      "_type": "artifactory_permission_assigned_user",
      "displayName": "ASSIGNED",
      "permission:repository:read": true,
      "permission:repository:write": true,
    },
    Object {
      "_class": "ALLOWS",
      "_fromEntityKey": "artifactory_permission:Any Remote",
      "_key": "artifactory_permission:Any Remote|allows|artifactory_repository:example-repo-local",
      "_toEntityKey": "artifactory_repository:example-repo-local",
      "_type": "artifactory_permission_allows_repository",
      "displayName": "ALLOWS",
    },
    Object {
      "_class": "ASSIGNED",
      "_fromEntityKey": "artifactory_permission:Anything",
      "_key": "artifactory_permission:Anything|assigned|artifactory_group:readers",
      "_toEntityKey": "artifactory_group:readers",
      "_type": "artifactory_permission_assigned_group",
      "displayName": "ASSIGNED",
      "permission:build:read": true,
      "permission:repository:read": true,
    },
    Object {
      "_class": "ASSIGNED",
      "_fromEntityKey": "artifactory_permission:Anything",
      "_key": "artifactory_permission:Anything|assigned|artifactory_user:anonymous",
      "_toEntityKey": "artifactory_user:anonymous",
      "_type": "artifactory_permission_assigned_user",
      "displayName": "ASSIGNED",
      "permission:build:read": true,
      "permission:repository:read": true,
    },
    Object {
      "_class": "ALLOWS",
      "_fromEntityKey": "artifactory_permission:Anything",
      "_key": "artifactory_permission:Anything|allows|artifactory_repository:example-repo-local",
      "_toEntityKey": "artifactory_repository:example-repo-local",
      "_type": "artifactory_permission_allows_repository",
      "displayName": "ALLOWS",
    },
    Object {
      "_class": "HAS",
      "_fromEntityKey": "artifactory_account:ravelo.leiko@gmail.com",
      "_key": "artifactory_account:ravelo.leiko@gmail.com|has|artifactory_repository_group:ANY",
      "_toEntityKey": "artifactory_repository_group:ANY",
      "_type": "artifactory_account_has_repository_group",
      "displayName": "HAS",
    },
    Object {
      "_class": "HAS",
      "_fromEntityKey": "artifactory_account:ravelo.leiko@gmail.com",
      "_key": "artifactory_account:ravelo.leiko@gmail.com|has|artifactory_repository_group:ANY LOCAL",
      "_toEntityKey": "artifactory_repository_group:ANY LOCAL",
      "_type": "artifactory_account_has_repository_group",
      "displayName": "HAS",
    },
    Object {
      "_class": "HAS",
      "_fromEntityKey": "artifactory_account:ravelo.leiko@gmail.com",
      "_key": "artifactory_account:ravelo.leiko@gmail.com|has|artifactory_repository_group:ANY REMOTE",
      "_toEntityKey": "artifactory_repository_group:ANY REMOTE",
      "_type": "artifactory_account_has_repository_group",
      "displayName": "HAS",
    },
  ],
  "encounteredTypes": Array [
    "artifactory_account",
    "artifactory_group",
    "artifactory_account_has_group",
    "artifactory_group_has_user",
    "artifactory_user",
    "artifactory_account_has_user",
    "artifactory_repository",
    "artifactory_account_has_repository",
    "artifactory_pipeline_source",
    "artifactory_account_has_pipeline_source",
    "artifactory_permission",
    "artifactory_permission_assigned_user",
    "artifactory_permission_allows_repository",
    "artifactory_permission_assigned_group",
    "artifactory_repository_group",
    "artifactory_account_has_repository_group",
  ],
  "numCollectedEntities": 11,
  "numCollectedRelationships": 14,
}
`;
